<!DOCTYPE html>
<html lang="ru">

<head>
	<meta charset="utf-8">
	<title>Golden</title>
	<meta name="description" content="Startup HTML template OptimizedHTML 5">
	<meta name="viewport" content="width=device-width">
	<link rel="icon" href="img/favicon.png">
	<meta property="og:image" content="img/@1x/preview.jpg">

	<script src="https://kit.fontawesome.com/74ca5f1a9a.js" crossorigin="anonymous"></script>

	<link rel="stylesheet" href="css/styles.min.css">
</head>

<body>
	<header class="header" id="home">
		<div class="container">
			<div class="header-top flex-wrapper jc-sb ai-c">
				<a href="#" class="header-top-logo">
					Golden
				</a>
				<nav class="header-top-nav">
					<ul>
						<li><a href="#home" class="menu-link">Home</a></li>
						<li><a href="#services" class="menu-link">Services</a></li>
						<li><a href="#portfolio" class="menu-link">Portfolio</a></li>
						<li><a href="#about" class="menu-link">About</a></li>
						<li><a href="#team" class="menu-link">Team</a></li>
						<li><a href="#contact" class="menu-link">Contact</a></li>
					</ul>
				</nav>
				<div class="header-top-hamburger">
					<i class="fas fa-hamburger"></i>
				</div>
			</div>
			<div class="header-content">
				<h2 class="header-content-subtitle">Welcome To Our Studio!</h2>
				<h1 class="header-content-title">Itâ€™s nice to Meet you</h1>
				<a href="#" class="btn header-btn">Tell Me More</a>
			</div>
		</div>
		<div class="header-adp-menu">
			<nav>
				<ul>
					<li><a href="#home" class="menu-link">Home</a></li>
					<li><a href="#services" class="menu-link">Services</a></li>
					<li><a href="#portfolio" class="menu-link">Portfolio</a></li>
					<li><a href="#about" class="menu-link">About</a></li>
					<li><a href="#team" class="menu-link">Team</a></li>
					<li><a href="#contact" class="menu-link">Contact</a></li>
				</ul>
			</nav>
		</div>
	</header>

	<section class="services" id="services">
		<div class="container">
			<h3 class="section-title services-title">Services</h3>
			<p class="section-subtitle services-subtitle">Proin iaculis purus consequat sem cure.</p>
			<div class="flex-wrapper jc-sb ai-c">
				<div class="services-item">
					<div class="services-item-img" style="background-image: url(img/service1.png)"></div>
					<h3 class="services-item-title">E-Commerce</h3>
					<p class="services-item-text">Proin iaculis purus consequat sem cure
					digni ssim. Donec porttitora entum suscipit</p>
				</div>
				<div class="services-item">
					<div class="services-item-img" style="background-image: url(img/service2.png)"></div>
					<h3 class="services-item-title">Responsive Web</h3>
					<p class="services-item-text">Proin iaculis purus consequat sem cure
					digni ssim. Donec porttitora entum suscipit</p>
				</div>
				<div class="services-item">
					<div class="services-item-img" style="background-image: url(img/service3.png)"></div>
					<h3 class="services-item-title">Web Security</h3>
					<p class="services-item-text">Proin iaculis purus consequat sem cure
					digni ssim. Donec porttitora entum suscipit</p>
				</div>
			</div>
		</div>
	</section>

	<section class="portfolio" id="portfolio">
		<div class="container">
			<h3 class="section-title portfolio-title">Our portfolio</h3>
			<p class="section-subtitle portfolio-subtitle">Proin iaculis purus consequat sem cure.</p>
			<div class="flex-wrapper jc-c fx-wrap">
				<div class="portfolio-item">
					<div class="portfolio-item-img" style="background-image: url(img/portf1.jpg)"></div>
					<div class="colored">
						<h3 class="portfolio-item-title">Ebony & Ivory
						</h3>
						<p class="portfolio-item-text">Branding</p>
					</div>
				</div>
				<div class="portfolio-item">
					<div class="portfolio-item-img" style="background-image: url(img/portf2.jpg)"></div>
					<div class="colored">
						<h3 class="portfolio-item-title">Smart Stationary
						</h3>
						<p class="portfolio-item-text">Print Design</p>
					</div>
				</div>
				<div class="portfolio-item">
					<div class="portfolio-item-img" style="background-image: url(img/portf3.jpg)"></div>
					<div class="colored">
						<h3 class="portfolio-item-title">Clever Poster
						</h3>
						<p class="portfolio-item-text">Print Design</p>
					</div>
				</div>
				<div class="portfolio-item">
					<div class="portfolio-item-img" style="background-image: url(img/portf4.jpg)"></div>
					<div class="colored">
						<h3 class="portfolio-item-title">Vinyl Record
						</h3>
						<p class="portfolio-item-text">Product Mock-Up</p>
					</div>
				</div>
				<div class="portfolio-item">
					<div class="portfolio-item-img" style="background-image: url(img/portf5.jpg)"></div>
					<div class="colored">
						<h3 class="portfolio-item-title">Treehouse Template</h3>
						<p class="portfolio-item-text">Web Design</p>
					</div>
				</div>
				<div class="portfolio-item">
					<div class="portfolio-item-img" style="background-image: url(img/portf6.jpg)"></div>
					<div class="colored">
						<h3 class="portfolio-item-title">Burned Logo
												</h3>
						<p class="portfolio-item-text">Branding</p>
					</div>
				</div>
			</div>
		</div>
	</section>

	<section class="about" id="about">
		<div class="container">
			<h3 class="section-title about-title">Our portfolio</h3>
			<p class="section-subtitle about-subtitle">Proin iaculis purus consequat sem cure.</p>

			<div class="grid-wrapper">
				<div class="about-text story-text-1">
					<h3 class="about-text-title">JULY 2010 <br>Our Humble Beginnings</h3>
					<p class="about-text-descr">Proin iaculis purus consequat sem cure
					digni ssim. Donec porttitora entum suscipit aenean rhoncus posuere odio in tincidunt. Proin iaculis purus consequat sem cure digni ssim. Donec porttitora entum suscipit.</p>
				</div>
				<div class="about-img story-img-1" style="background-image: url(img/story1.jpg);"></div>
				<div class="about-text story-text-2">
					<h3 class="about-text-title">JANUARY 2011 <br> Facing Startup Battles</h3>
					<p class="about-text-descr">Proin iaculis purus consequat sem cure
					digni ssim. Donec porttitora entum suscipit aenean rhoncus posuere odio in tincidunt. Proin iaculis purus consequat sem cure digni ssim. Donec porttitora entum suscipit.</p>
				</div>
				<div class="about-img story-img-2" style="background-image: url(img/story2.jpg);"></div>
				<div class="about-text story-text-3">
					<h3 class="about-text-title">DECEMBER 2012 <br>Enter The Dark Days</h3>
					<p class="about-text-descr">Proin iaculis purus consequat sem cure
					digni ssim. Donec porttitora entum suscipit aenean rhoncus posuere odio in tincidunt. Proin iaculis purus consequat sem cure digni ssim. Donec porttitora entum suscipit.</p>
				</div>
				<div class="about-img story-img-3" style="background-image: url(img/story3.jpg);"></div>
				<div class="about-text story-text-4">
					<h3 class="about-text-title">FEBRUARY 2014 <br>Our Triumph</h3>
					<p class="about-text-descr">Proin iaculis purus consequat sem cure
					digni ssim. Donec porttitora entum suscipit aenean rhoncus posuere odio in tincidunt. Proin iaculis purus consequat sem cure digni ssim. Donec porttitora entum suscipit.</p>
				</div>
				<div class="about-img story-img-4" style="background-image: url(img/story4.jpg);"></div>
				<div class="about-img continue">Our <br> Story <br> Continues <br> ...</div>
			</div>
		</div>
	</section>

	<section class="team" id="team">
		<div class="container">
			<h3 class="section-title team-title">our amazing team</h3>
			<p class="section-subtitle team-subtitle">Proin iaculis purus consequat sem cure.</p>
			<div class="flex-wrapper jc-c fx-wrap">
				<div class="team-member">
					<div class="team-member-img"></div>
					<h3 class="team-member-name">Kimberly Thompson</h3>
					<p class="team-member-profession">Marketer</p>
					<span class="team-member-social">
						<a href="#" class="twitter"><i class="fab fa-twitter"></i></a>
						<a href="#" class="facebook"><i class="fab fa-facebook-f"></i></a>
						<a href="#" class="pinterest"><i class="fab fa-pinterest-p"></i></a>
					</span>
				</div>
				<div class="team-member">
					<div class="team-member-img"></div>
					<h3 class="team-member-name">Rico Massimo</h3>
					<p class="team-member-profession">Coder</p>
					<span class="team-member-social">
						<a href="#" class="twitter"><i class="fab fa-twitter"></i></a>
						<a href="#" class="facebook"><i class="fab fa-facebook-f"></i></a>
						<a href="#" class="pinterest"><i class="fab fa-google-plus-g"></i></a>
					</span>
				</div>
				<div class="team-member">
					<div class="team-member-img"></div>
					<h3 class="team-member-name">Uku Mason</h3>
					<p class="team-member-profession">Graphic Designer</p>
					<span class="team-member-social">
						<a href="#" class="facebook"><i class="fab fa-facebook-f"></i></a>
						<a href="#" class="pinterest"><i class="fab fa-pinterest-p"></i></a>
					</span>
				</div>
			</div>
			<p class="team-text">Proin iaculis purus consequat sem cure  digni ssim donec porttitora entum suscipit
			aenean rhoncus posuere odio in tincidunt proin iaculis.</p>
		</div>
	</section>

	<section class="partners">
		<div class="container">
			<div class="flex-wrapper jc-sa ai-c fx-wrap">
				<a href="#"><img src="img/partner1.png" alt="Envato"></a>
				<a href="#"><img src="img/partner2.png" alt="WordPress"></a>
				<a href="#"><img src="img/partner3.png" alt="AETuts+"></a>
				<a href="#"><img src="img/partner4.png" alt="Microlancer"></a>
			</div>
		</div>
	</section>

	<section class="contact" id="contact">
		<div class="container">
			<h3 class="section-title contact-title">Contact us</h3>
			<p class="section-subtitle contact-subtitle">Proin iaculis purus consequat sem cure.</p>
			<form action="#" class="contact-form">
				<div class="flex-wrapper jc-c ai-c">
					<div class="column">
						<input type="text" placeholder="YOUR NAME*">
						<input type="text" placeholder="YOUR E-MAIL*">
						<input type="text" placeholder="YOUR SUBJECT">
					</div>
					<div class="column">
						<textarea name="message" placeholder="YOUR MESSAGE*"></textarea>
					</div>
				</div>
				<button type="button" class="btn">Send Message</button>
			</form>
		</div>
	</section>

	<footer class="footer">
		<div class="container">
			<p>Â© Copyright 2014 FreebiesXpress.com</p>
			<span class="footer-social">
				<a href="#" class="twitter"><i class="fab fa-twitter"></i></a>
				<a href="#" class="facebook"><i class="fab fa-facebook-f"></i></a>
				<a href="#" class="pinterest"><i class="fab fa-pinterest-p"></i></a>
				<a href="#" class="pinterest"><i class="fab fa-google-plus-g"></i></a>
			</span>
		</div>
	</footer>




	<script src="js/jquery.min.js"></script>
	<script src="js/scripts.min.js"></script>
</body>
</html>
